iYDPEfGzNLkCiHdnG,opposites
FaJD9BrFGvxoSQ2Rg,sparks center
uSDprvKsfmKv722Pw,sound - pew-pew-pew!
aE5YEvSnbXWsu5ob2,pulse 2D
36h5YYz2jeCqkiZjj,midpoint displacement noise
FxwNyX6zQZAusmaKc,firework rocket sparks
aRQN3PrptmG4zdGXr,cube fire 3D
D2xuondCcLLi2jvMr,spin cycle
7XT2JNLkLaXc3erFX,slow color shift
pxH7PgGxoM7WPrFWs,millipede
vkpGsR88dcJmXfevp,An Intro to Pixelblaze Code
9YNBonyhXfyFjpYzJ,rainbow fonts
RFQ83888m35aJfJMZ,sound - rays
ro9Gei457fBoxop9Y,xorcery 2D/3D
Ktjben4j36Wqxnk8N,green ripple reflections
TkPYS2XhdyGYxZz8y,Example: ui controls (lightning ZAP!)
Qvqmzcuci43MSBYij,sparkfire
7Ju7GPHN7A6STrrxL,marching rainbow
4Loof6CZmryBi5mGd,Example: time and animation
SjRfgcSSYXWAunFjZ,static random colors
us3eB9nzTuifSTXzK,multisegment
A5esgP2KqfwLzwbLP,honeycomb 2D/3D
naDzrf7nK4HLFWBcW,Example: color hues
aabwwBMMCEHQ8yLij,color twinkles
HEn3sPAtZez2JRJcM,firework dust
BxgkrQTHPkhcM6a24,KITT
QqZqNsLmk2CAvheRR,block reflections
vmCXgwbox8nCBqQig,color bands
BvZoMSk6wu37yZ8zY,fast pulse 2D/3D
LR4KPE7qNStxaFMaA,glitch bands
8gjB89jqQojktXgc4,sparks
wDn9FrZh8zZfKweL4,rainbow melt
TQMWygxoH8bnpZMWf,sound - spectro kalidastrip
p49GpaZRpfGHPNGuX,color twinkle bounce
LovYqewqXjNBhdGYL,sound - spectrum analyser 1D/2D
Z6aFtRCE3AkpcP2E8,fireflies
5oaoxbPRNaJuX86yG,Example: modes and waveforms
kuJfFyCSkCKNasyNE,blink fade
wPnJGj5d5hzgeLbZD,edgeburst
Fvhhj7uo6xaDciS46,spotlights / rotation 3D
A8P6jQMBvTTfoPEwA,spiral twirls 2D
u7ZR5FGpfnPCHJpjz,RGB Mapping
Q5WqRki8CanTF3n9s,color fade pulse
8pcj483btM54uKnAc,sound - blinkfade
vXGvYT7tqJCsCKfiD,sound - spectromatrix 2D/3D
